2026-07-27T21:43:52.863-03:00  INFO 16140 --- [bytecurto] [main] c.b.bytecurto.BytecurtoApplication       : Starting BytecurtoApplication using Java 17.0.12 with PID 16140 (D:\projetos\bytecurto\target\classes started by bryan in D:\projetos\bytecurto)
2026-07-27T21:43:52.866-03:00  INFO 16140 --- [bytecurto] [main] c.b.bytecurto.BytecurtoApplication       : No active profile set, falling back to 1 default profile: "default"
2026-07-27T21:43:53.628-03:00  INFO 16140 --- [bytecurto] [main] .s.d.r.c.RepositoryConfigurationDelegate : Bootstrapping Spring Data JPA repositories in DEFAULT mode.
2026-07-27T21:43:53.682-03:00  INFO 16140 --- [bytecurto] [main] .s.d.r.c.RepositoryConfigurationDelegate : Finished Spring Data repository scanning in 47 ms. Found 2 JPA repository interfaces.
2026-07-27T21:43:54.281-03:00  INFO 16140 --- [bytecurto] [main] o.s.b.w.embedded.tomcat.TomcatWebServer  : Tomcat initialized with port 8080 (http)
2026-07-27T21:43:54.295-03:00  INFO 16140 --- [bytecurto] [main] o.apache.catalina.core.StandardService   : Starting service [Tomcat]
2026-07-27T21:43:54.295-03:00  INFO 16140 --- [bytecurto] [main] o.apache.catalina.core.StandardEngine    : Starting Servlet engine: [Apache Tomcat/10.1.54]
2026-07-27T21:43:54.377-03:00  INFO 16140 --- [bytecurto] [main] o.a.c.c.C.[Tomcat].[localhost].[/]       : Initializing Spring embedded WebApplicationContext
2026-07-27T21:43:54.378-03:00  INFO 16140 --- [bytecurto] [main] w.s.c.ServletWebServerApplicationContext : Root WebApplicationContext: initialization completed in 1467 ms
2026-07-27T21:43:54.672-03:00  INFO 16140 --- [bytecurto] [main] com.zaxxer.hikari.HikariDataSource       : HikariPool-1 - Starting...
2026-07-27T21:43:54.843-03:00  INFO 16140 --- [bytecurto] [main] com.zaxxer.hikari.pool.HikariPool        : HikariPool-1 - Added connection org.postgresql.jdbc.PgConnection@184de357
2026-07-27T21:43:54.844-03:00  INFO 16140 --- [bytecurto] [main] com.zaxxer.hikari.HikariDataSource       : HikariPool-1 - Start completed.
2026-07-27T21:43:54.876-03:00  INFO 16140 --- [bytecurto] [main] org.flywaydb.core.FlywayExecutor         : Database: jdbc:postgresql://localhost:8432/bytecurto (PostgreSQL 18.3)
2026-07-27T21:43:54.913-03:00  WARN 16140 --- [bytecurto] [main] o.f.c.internal.database.base.Database    : Flyway upgrade recommended: PostgreSQL 18.3 is newer than this version of Flyway and support has not been tested. The latest supported version of PostgreSQL is 17.
2026-07-27T21:43:54.995-03:00  INFO 16140 --- [bytecurto] [main] o.f.core.internal.command.DbValidate     : Successfully validated 2 migrations (execution time 00:00.067s)
2026-07-27T21:43:55.031-03:00  INFO 16140 --- [bytecurto] [main] o.f.core.internal.command.DbMigrate      : Current version of schema "public": 2
2026-07-27T21:43:55.038-03:00  INFO 16140 --- [bytecurto] [main] o.f.core.internal.command.DbMigrate      : Schema "public" is up to date. No migration necessary.
2026-07-27T21:43:55.124-03:00  INFO 16140 --- [bytecurto] [main] o.hibernate.jpa.internal.util.LogHelper  : HHH000204: Processing PersistenceUnitInfo [name: default]
2026-07-27T21:43:55.189-03:00  INFO 16140 --- [bytecurto] [main] org.hibernate.Version                    : HHH000412: Hibernate ORM core version 6.6.49.Final
2026-07-27T21:43:55.228-03:00  INFO 16140 --- [bytecurto] [main] o.h.c.internal.RegionFactoryInitiator    : HHH000026: Second-level cache disabled
2026-07-27T21:43:55.467-03:00  INFO 16140 --- [bytecurto] [main] o.s.o.j.p.SpringPersistenceUnitInfo      : No LoadTimeWeaver setup: ignoring JPA class transformer
2026-07-27T21:43:55.608-03:00  INFO 16140 --- [bytecurto] [main] org.hibernate.orm.connections.pooling    : HHH10001005: Database info:
	Database JDBC URL [Connecting through datasource 'HikariDataSource (HikariPool-1)']
	Database driver: undefined/unknown
	Database version: 18.3
	Autocommit mode: undefined/unknown
	Isolation level: undefined/unknown
	Minimum pool size: undefined/unknown
	Maximum pool size: undefined/unknown
2026-07-27T21:43:56.421-03:00  INFO 16140 --- [bytecurto] [main] o.h.e.t.j.p.i.JtaPlatformInitiator       : HHH000489: No JTA platform available (set 'hibernate.transaction.jta.platform' to enable JTA platform integration)
2026-07-27T21:43:56.475-03:00  INFO 16140 --- [bytecurto] [main] j.LocalContainerEntityManagerFactoryBean : Initialized JPA EntityManagerFactory for persistence unit 'default'
2026-07-27T21:43:56.763-03:00  INFO 16140 --- [bytecurto] [main] r$InitializeUserDetailsManagerConfigurer : Global AuthenticationManager configured with UserDetailsService bean with name userDetailsServiceImpl
2026-07-27T21:43:56.886-03:00  WARN 16140 --- [bytecurto] [main] JpaBaseConfiguration$JpaWebConfiguration : spring.jpa.open-in-view is enabled by default. Therefore, database queries may be performed during view rendering. Explicitly configure spring.jpa.open-in-view to disable this warning
2026-07-27T21:43:57.146-03:00  WARN 16140 --- [bytecurto] [main] thorizationManagerRequestMatcherRegistry : One of the patterns in [/v3/api-docs/**, swagger-ui/**, swagger-ui.html] is missing a leading slash. This is discouraged; please include the leading slash in all your request matcher patterns. In future versions of Spring Security, leaving out the leading slash will result in an exception.
2026-07-27T21:43:58.236-03:00  INFO 16140 --- [bytecurto] [main] o.s.b.w.embedded.tomcat.TomcatWebServer  : Tomcat started on port 8080 (http) with context path '/'
2026-07-27T21:43:58.243-03:00  INFO 16140 --- [bytecurto] [main] c.b.bytecurto.BytecurtoApplication       : Started BytecurtoApplication in 5.88 seconds (process running for 6.395)
2026-07-27T21:43:58.248-03:00  WARN 16140 --- [bytecurto] [main] o.s.core.events.SpringDocAppInitializer  : SpringDoc /v3/api-docs endpoint is enabled by default. To disable it in production, set the property 'springdoc.api-docs.enabled=false'
2026-07-27T21:43:58.249-03:00  WARN 16140 --- [bytecurto] [main] o.s.core.events.SpringDocAppInitializer  : SpringDoc /swagger-ui.html endpoint is enabled by default. To disable it in production, set the property 'springdoc.swagger-ui.enabled=false'
2026-07-27T21:44:38.891-03:00  INFO 16140 --- [bytecurto] [SpringApplicationShutdownHook] o.s.b.w.e.tomcat.GracefulShutdown        : Commencing graceful shutdown. Waiting for active requests to complete
2026-07-27T21:44:38.941-03:00  INFO 16140 --- [bytecurto] [tomcat-shutdown] o.s.b.w.e.tomcat.GracefulShutdown        : Graceful shutdown complete
2026-07-27T21:44:38.947-03:00  INFO 16140 --- [bytecurto] [SpringApplicationShutdownHook] j.LocalContainerEntityManagerFactoryBean : Closing JPA EntityManagerFactory for persistence unit 'default'
2026-07-27T21:44:38.948-03:00  INFO 16140 --- [bytecurto] [SpringApplicationShutdownHook] com.zaxxer.hikari.HikariDataSource       : HikariPool-1 - Shutdown initiated...
2026-07-27T21:44:38.953-03:00  INFO 16140 --- [bytecurto] [SpringApplicationShutdownHook] com.zaxxer.hikari.HikariDataSource       : HikariPool-1 - Shutdown completed.
2026-07-27T21:44:52.260-03:00  INFO 36168 --- [bytecurto] [main] c.b.bytecurto.BytecurtoApplication       : Starting BytecurtoApplication using Java 17.0.12 with PID 36168 (D:\projetos\bytecurto\target\classes started by bryan in D:\projetos\bytecurto)
2026-07-27T21:44:52.262-03:00  INFO 36168 --- [bytecurto] [main] c.b.bytecurto.BytecurtoApplication       : No active profile set, falling back to 1 default profile: "default"
2026-07-27T21:44:52.869-03:00  INFO 36168 --- [bytecurto] [main] .s.d.r.c.RepositoryConfigurationDelegate : Bootstrapping Spring Data JPA repositories in DEFAULT mode.
2026-07-27T21:44:52.914-03:00  INFO 36168 --- [bytecurto] [main] .s.d.r.c.RepositoryConfigurationDelegate : Finished Spring Data repository scanning in 38 ms. Found 2 JPA repository interfaces.
2026-07-27T21:44:53.376-03:00  INFO 36168 --- [bytecurto] [main] o.s.b.w.embedded.tomcat.TomcatWebServer  : Tomcat initialized with port 8080 (http)
2026-07-27T21:44:53.387-03:00  INFO 36168 --- [bytecurto] [main] o.apache.catalina.core.StandardService   : Starting service [Tomcat]
2026-07-27T21:44:53.387-03:00  INFO 36168 --- [bytecurto] [main] o.apache.catalina.core.StandardEngine    : Starting Servlet engine: [Apache Tomcat/10.1.54]
2026-07-27T21:44:53.437-03:00  INFO 36168 --- [bytecurto] [main] o.a.c.c.C.[Tomcat].[localhost].[/]       : Initializing Spring embedded WebApplicationContext
2026-07-27T21:44:53.437-03:00  INFO 36168 --- [bytecurto] [main] w.s.c.ServletWebServerApplicationContext : Root WebApplicationContext: initialization completed in 1145 ms
2026-07-27T21:44:53.626-03:00  INFO 36168 --- [bytecurto] [main] com.zaxxer.hikari.HikariDataSource       : HikariPool-1 - Starting...
2026-07-27T21:44:53.728-03:00  INFO 36168 --- [bytecurto] [main] com.zaxxer.hikari.pool.HikariPool        : HikariPool-1 - Added connection org.postgresql.jdbc.PgConnection@5d84e363
2026-07-27T21:44:53.729-03:00  INFO 36168 --- [bytecurto] [main] com.zaxxer.hikari.HikariDataSource       : HikariPool-1 - Start completed.
2026-07-27T21:44:53.753-03:00  INFO 36168 --- [bytecurto] [main] org.flywaydb.core.FlywayExecutor         : Database: jdbc:postgresql://localhost:8432/bytecurto (PostgreSQL 18.3)
2026-07-27T21:44:53.769-03:00  WARN 36168 --- [bytecurto] [main] o.f.c.internal.database.base.Database    : Flyway upgrade recommended: PostgreSQL 18.3 is newer than this version of Flyway and support has not been tested. The latest supported version of PostgreSQL is 17.
2026-07-27T21:44:53.806-03:00  INFO 36168 --- [bytecurto] [main] o.f.core.internal.command.DbValidate     : Successfully validated 2 migrations (execution time 00:00.026s)
2026-07-27T21:44:53.849-03:00  INFO 36168 --- [bytecurto] [main] o.f.core.internal.command.DbMigrate      : Current version of schema "public": 2
2026-07-27T21:44:53.853-03:00  INFO 36168 --- [bytecurto] [main] o.f.core.internal.command.DbMigrate      : Schema "public" is up to date. No migration necessary.
2026-07-27T21:44:53.922-03:00  INFO 36168 --- [bytecurto] [main] o.hibernate.jpa.internal.util.LogHelper  : HHH000204: Processing PersistenceUnitInfo [name: default]
2026-07-27T21:44:53.960-03:00  INFO 36168 --- [bytecurto] [main] org.hibernate.Version                    : HHH000412: Hibernate ORM core version 6.6.49.Final
2026-07-27T21:44:53.983-03:00  INFO 36168 --- [bytecurto] [main] o.h.c.internal.RegionFactoryInitiator    : HHH000026: Second-level cache disabled
2026-07-27T21:44:54.152-03:00  INFO 36168 --- [bytecurto] [main] o.s.o.j.p.SpringPersistenceUnitInfo      : No LoadTimeWeaver setup: ignoring JPA class transformer
2026-07-27T21:44:54.206-03:00  INFO 36168 --- [bytecurto] [main] org.hibernate.orm.connections.pooling    : HHH10001005: Database info:
	Database JDBC URL [Connecting through datasource 'HikariDataSource (HikariPool-1)']
	Database driver: undefined/unknown
	Database version: 18.3
	Autocommit mode: undefined/unknown
	Isolation level: undefined/unknown
	Minimum pool size: undefined/unknown
	Maximum pool size: undefined/unknown
2026-07-27T21:44:54.902-03:00  INFO 36168 --- [bytecurto] [main] o.h.e.t.j.p.i.JtaPlatformInitiator       : HHH000489: No JTA platform available (set 'hibernate.transaction.jta.platform' to enable JTA platform integration)
2026-07-27T21:44:54.930-03:00  INFO 36168 --- [bytecurto] [main] j.LocalContainerEntityManagerFactoryBean : Initialized JPA EntityManagerFactory for persistence unit 'default'
2026-07-27T21:44:55.145-03:00  INFO 36168 --- [bytecurto] [main] r$InitializeUserDetailsManagerConfigurer : Global AuthenticationManager configured with UserDetailsService bean with name userDetailsServiceImpl
2026-07-27T21:44:55.267-03:00  WARN 36168 --- [bytecurto] [main] JpaBaseConfiguration$JpaWebConfiguration : spring.jpa.open-in-view is enabled by default. Therefore, database queries may be performed during view rendering. Explicitly configure spring.jpa.open-in-view to disable this warning
2026-07-27T21:44:55.463-03:00  WARN 36168 --- [bytecurto] [main] thorizationManagerRequestMatcherRegistry : One of the patterns in [/v3/api-docs/**, swagger-ui/**, swagger-ui.html] is missing a leading slash. This is discouraged; please include the leading slash in all your request matcher patterns. In future versions of Spring Security, leaving out the leading slash will result in an exception.
2026-07-27T21:44:56.210-03:00  INFO 36168 --- [bytecurto] [main] o.s.b.w.embedded.tomcat.TomcatWebServer  : Tomcat started on port 8080 (http) with context path '/'
2026-07-27T21:44:56.219-03:00  INFO 36168 --- [bytecurto] [main] c.b.bytecurto.BytecurtoApplication       : Started BytecurtoApplication in 4.341 seconds (process running for 4.644)
2026-07-27T21:44:56.222-03:00  WARN 36168 --- [bytecurto] [main] o.s.core.events.SpringDocAppInitializer  : SpringDoc /v3/api-docs endpoint is enabled by default. To disable it in production, set the property 'springdoc.api-docs.enabled=false'
2026-07-27T21:44:56.222-03:00  WARN 36168 --- [bytecurto] [main] o.s.core.events.SpringDocAppInitializer  : SpringDoc /swagger-ui.html endpoint is enabled by default. To disable it in production, set the property 'springdoc.swagger-ui.enabled=false'
2026-07-27T22:01:01.757-03:00  INFO 36168 --- [bytecurto] [SpringApplicationShutdownHook] o.s.b.w.e.tomcat.GracefulShutdown        : Commencing graceful shutdown. Waiting for active requests to complete
2026-07-27T22:01:01.815-03:00  INFO 36168 --- [bytecurto] [tomcat-shutdown] o.s.b.w.e.tomcat.GracefulShutdown        : Graceful shutdown complete
2026-07-27T22:01:01.820-03:00  INFO 36168 --- [bytecurto] [SpringApplicationShutdownHook] j.LocalContainerEntityManagerFactoryBean : Closing JPA EntityManagerFactory for persistence unit 'default'
2026-07-27T22:01:01.823-03:00  INFO 36168 --- [bytecurto] [SpringApplicationShutdownHook] com.zaxxer.hikari.HikariDataSource       : HikariPool-1 - Shutdown initiated...
2026-07-27T22:01:01.827-03:00  INFO 36168 --- [bytecurto] [SpringApplicationShutdownHook] com.zaxxer.hikari.HikariDataSource       : HikariPool-1 - Shutdown completed.
